---
source: crates/cli/src/progress/pretty.rs
expression: output_text(&buf)
---
  ✓ RPM packages                 613 packages, 6 repos
  ✓ Services                     42 units
  ✓ Storage                      done
  ✓ Kernel & boot                done
  ✓ Network                      done
  △ Containers                   interrupted
  △ Users & groups               interrupted
  △ Scheduled tasks              interrupted
  △ Config files                 interrupted
  △ SELinux                      interrupted
  △ Non-RPM packages             interrupted
