---
source: inspectah-collect/tests/services_test.rs
expression: section
---
{
  "state_changes": [
    {
      "unit": "bluetooth.service",
      "current_state": "enabled",
      "default_state": "disable",
      "include": true,
      "owning_package": null,
      "fleet": null
    },
    {
      "unit": "gdm.service",
      "current_state": "disabled",
      "default_state": "enable",
      "include": true,
      "owning_package": null,
      "fleet": null
    }
  ],
  "enabled_units": [
    "auditd.service",
    "bluetooth.service",
    "chronyd.service",
    "firewalld.service",
    "httpd.service",
    "kdump.service",
    "libvirtd.service",
    "NetworkManager.service",
    "sshd.service",
    "tuned.service"
  ],
  "disabled_units": [
    "cups.service",
    "gdm.service"
  ],
  "drop_ins": [
    {
      "unit": "httpd.service",
      "path": "/etc/systemd/system/httpd.service.d/override.conf",
      "content": "[Service]\nEnvironment=LANG=C\nLimitNOFILE=65535\n",
      "include": true,
      "variant_selection": "Only",
      "fleet": null
    }
  ],
  "preset_matched_units": [
    "auditd.service",
    "chronyd.service",
    "firewalld.service",
    "kdump.service",
    "NetworkManager.service",
    "sshd.service",
    "tuned.service"
  ]
}
